Retrieving project…
Deploying edencohen533-9754s-projects/ultracrm
Uploading [--------------------] (0.0B/655B)
Uploading [====================] (655.0B/655B)
Inspect: https://vercel.com/edencohen533-9754s-projects/ultracrm/5aQGQHrKHhCcip4eiHZ5yFRUJaRa [4s]
Production: https://ultracrm-kls5o6b2u-edencohen533-9754s-projects.vercel.app [4s]
https://ultracrm-kls5o6b2u-edencohen533-9754s-projects.vercel.appBuilding...
Building...
Building: Running build in Washington, D.C., USA (East) – iad1
Building: Build machine configuration: 4 cores, 8 GB
Building: Retrieving list of deployment files...
Building: Downloading 557 deployment files...
Building: Restored build cache from previous deployment (6shC3d6oc2ovdNeoRHB4pzURSkKz)
Building: Running "vercel build"
Building: Vercel CLI 59.25.4
Building: Installing dependencies...
Building: > ultracrm@0.1.0 postinstall
Building: > prisma generate
Building: ◇ injected env (0) from .env
Building: Loaded Prisma config from prisma.config.ts.
Building: Prisma schema loaded from prisma/schema.prisma.
Building: ✔ Generated Prisma Client (7.10.0) to ./src/generated/prisma in 902ms
Building: up to date in 4s
Building: 279 packages are looking for funding
Building: run `npm fund` for details
Building: npm warn install-scripts 4 packages have install scripts not yet covered by allowScripts:
Building: npm warn install-scripts   @prisma/engines@7.10.0 (postinstall: node scripts/postinstall.js)
Building: npm warn install-scripts   esbuild@0.28.2 (postinstall: node install.js)
Building: npm warn install-scripts   prisma@7.10.0 (preinstall: node scripts/preinstall-entry.js)
Building: npm warn install-scripts   unrs-resolver@1.12.2 (postinstall: node postinstall.js)
Building: npm warn install-scripts
Building: npm warn install-scripts Run `npm install-scripts ls` to review, or `npm install-scripts approve <pkg>` to allow.
Building: Detected Next.js version: 16.3.6
Building: Running "npm run build"
Building: > ultracrm@0.1.0 build
Building: > prisma generate && next build
Building: ◇ injected env (0) from .env
Building: Loaded Prisma config from prisma.config.ts.
Building: Prisma schema loaded from prisma/schema.prisma.
Building: ┌─────────────────────────────────────────────────────────┐
Building: │  Update available 7.10.0 -> 8.0.0-rc.17                 │
Building: │                                                         │
Building: │  This is a major update - please follow the guide at    │
Building: │  https://pris.ly/d/major-version-upgrade                │
Building: │                                                         │
Building: │  Run the following to update                            │
Building: │    npm i --save-dev prisma@latest                       │
Building: │    npm i @prisma/client@latest                          │
Building: └─────────────────────────────────────────────────────────┘
Building: ✔ Generated Prisma Client (7.10.0) to ./src/generated/prisma in 774ms
Building: ▲ Next.js 16.3.6 (Turbopack)
Building: Applying modifyConfig from Vercel
Building: ✓ Running next.config.ts took 195ms
Building: Creating an optimized production build ...
Building: ✓ Compiled successfully in 5.0s
Building: Running TypeScript ...
Building: Finished TypeScript in 22.0s ...
Building: Collecting page data using 3 workers ...
Building: Generating static pages using 3 workers (0/22) ...
Building: Generating static pages using 3 workers (5/22)
Building: Generating static pages using 3 workers (10/22)
Building: Generating static pages using 3 workers (16/22)
Building: ✓ Generating static pages using 3 workers (22/22) in 282ms
Building: Finalizing page optimization ...
Building: Running onBuildComplete from Vercel
Building: Route (app)
Building: ┌ ƒ /
Building: ├ ○ /_not-found
Building: ├ ƒ /analytics
Building: ├ ƒ /api/attachments/[id]
Building: ├ ƒ /api/auth/login
Building: ├ ƒ /api/auth/logout
Building: ├ ƒ /api/auth/me
Building: ├ ƒ /api/auth/password
Building: ├ ƒ /api/auth/switch
Building: ├ ƒ /api/automations
Building: ├ ƒ /api/automations/preview
Building: ├ ƒ /api/automations/rules/[id]
Building: ├ ƒ /api/automations/stop
Building: ├ ƒ /api/calls
Building: ├ ƒ /api/campaigns
Building: ├ ƒ /api/campaigns/[id]
Building: ├ ƒ /api/campaigns/[id]/duplicate
Building: ├ ƒ /api/campaigns/[id]/export
Building: ├ ƒ /api/campaigns/[id]/report
Building: ├ ƒ /api/campaigns/[id]/test
Building: ├ ƒ /api/canned-replies
Building: ├ ƒ /api/channels/[channel]
Building: ├ ƒ /api/channels/[channel]/[id]
Building: ├ ƒ /api/channels/[channel]/preview
Building: ├ ƒ /api/channels/[channel]/templates
Building: ├ ƒ /api/channels/[channel]/test
Building: ├ ƒ /api/contacts
Building: ├ ƒ /api/contacts/[id]
Building: ├ ƒ /api/contacts/[id]/emails
Building: ├ ƒ /api/contacts/[id]/merge
Building: ├ ƒ /api/contacts/[id]/phones
Building: ├ ƒ /api/contacts/[id]/suppress
Building: ├ ƒ /api/contacts/[id]/timeline
Building: ├ ƒ /api/contacts/duplicates
Building: ├ ƒ /api/contacts/export
Building: ├ ƒ /api/contacts/import
Building: ├ ƒ /api/conversations
Building: ├ ƒ /api/conversations/[id]
Building: ├ ƒ /api/conversations/[id]/assign
Building: ├ ƒ /api/conversations/[id]/draft
Building: ├ ƒ /api/conversations/[id]/media
Building: ├ ƒ /api/conversations/[id]/messages
Building: ├ ƒ /api/conversations/[id]/notes
Building: ├ ƒ /api/conversations/[id]/tags
Building: ├ ƒ /api/dashboard
Building: ├ ƒ /api/deals
Building: ├ ƒ /api/deals/[id]
Building: ├ ƒ /api/demo/simulate-inbound
Building: ├ ƒ /api/dev/simulate-inbound
Building: ├ ƒ /api/dialer/call
Building: ├ ƒ /api/dialer/call/[id]
Building: ├ ƒ /api/dialer/call/[id]/accept
Building: ├ ƒ /api/dialer/call/[id]/dtmf
Building: ├ ƒ /api/dialer/call/[id]/hangup
Building: ├ ƒ /api/dialer/call/[id]/outcome
Building: ├ ƒ /api/dialer/call/[id]/reject
Building: ├ ƒ /api/dialer/draft
Building: ├ ƒ /api/dialer/heartbeat
Building: ├ ƒ /api/dialer/next-lead
Building: ├ ƒ /api/dialer/recent
Building: ├ ƒ /api/dialer/session
Building: ├ ƒ /api/dialer/session/summary
Building: ├ ƒ /api/dialer/skip
Building: ├ ƒ /api/dialer/state
Building: ├ ƒ /api/distribution-lists
Building: ├ ƒ /api/distribution-lists/[id]
Building: ├ ƒ /api/distribution-lists/import
Building: ├ ƒ /api/distribution-lists/preview
Building: ├ ƒ /api/dnc
Building: ├ ƒ /api/jobs/automations
Building: ├ ƒ /api/jobs/campaigns
Building: ├ ƒ /api/jobs/events
Building: ├ ƒ /api/jobs/numbers
Building: ├ ƒ /api/jobs/retention
Building: ├ ƒ /api/jobs/whatsapp-health
Building: ├ ƒ /api/leads
Building: ├ ƒ /api/leads/[id]
Building: ├ ƒ /api/leads/[id]/convert
Building: ├ ƒ /api/lists
Building: ├ ƒ /api/lists/[id]
Building: ├ ƒ /api/lists/[id]/agents
Building: ├ ƒ /api/lists/[id]/duplicate
Building: ├ ƒ /api/lists/[id]/leads
Building: ├ ƒ /api/lists/[id]/refresh
Building: ├ ƒ /api/manager/dashboard
Building: ├ ƒ /api/manager/live
Building: ├ ƒ /api/manager/monitor
Building: ├ ƒ /api/manager/monitor/[id]
Building: ├ ƒ /api/manager/pause
Building: ├ ƒ /api/notes
Building: ├ ƒ /api/numbers
Building: ├ ƒ /api/phone-numbers
Building: ├ ƒ /api/phone-numbers/[id]
Building: ├ ƒ /api/queue/[id]/transfer
Building: ├ ƒ /api/recordings/[callId]
Building: ├ ƒ /api/scripts
Building: ├ ƒ /api/scripts/[id]
Building: ├ ƒ /api/sequences
Building: ├ ƒ /api/sequences/[id]
Building: ├ ƒ /api/settings
Building: ├ ƒ /api/settings/history
Building: ├ ƒ /api/settings/plan
Building: ├ ƒ /api/settings/teams
Building: ├ ƒ /api/settings/whatsapp
Building: ├ ƒ /api/settings/whatsapp/[id]
Building: ├ ƒ /api/settings/whatsapp/check
Building: ├ ƒ /api/settings/whatsapp/mock
Building: ├ ƒ /api/suppressions
Building: ├ ƒ /api/suppressions/[id]/review
Building: ├ ƒ /api/tags
Building: ├ ƒ /api/tasks
Building: ├ ƒ /api/tasks/[id]
Building: ├ ƒ /api/telephony/status
Building: ├ ƒ /api/telephony/token
Building: ├ ƒ /api/templates
Building: ├ ƒ /api/templates/sync
Building: ├ ƒ /api/unsubscribe
Building: ├ ƒ /api/users
Building: ├ ƒ /api/users/[id]
Building: ├ ƒ /api/webhooks/email/[provider]/[credentialId]
Building: ├ ƒ /api/webhooks/sms/[provider]/[credentialId]
Building: ├ ƒ /api/webhooks/telnyx
Building: ├ ƒ /api/webhooks/whatsapp
Building: ├ ƒ /api/whatsapp/connection
Building: ├ ƒ /api/whatsapp/connection/[id]
Building: ├ ƒ /api/whatsapp/senders
Building: ├ ƒ /api/whatsapp/signup/cancel
Building: ├ ƒ /api/whatsapp/signup/complete
Building: ├ ƒ /api/whatsapp/signup/start
Building: ├ ƒ /automations
Building: ├ ƒ /automations/history
Building: ├ ƒ /campaigns
Building: ├ ƒ /contacts
Building: ├ ƒ /contacts/[id]
Building: ├ ƒ /contacts/duplicates
Building: ├ ƒ /dashboard
Building: ├ ƒ /deals
Building: ├ ƒ /deals/[id]
Building: ├ ƒ /dialer
Building: ├ ƒ /inbox
Building: ├ ƒ /inbox/[conversationId]
Building: ├ ƒ /leads
Building: ├ ƒ /leads/[id]
Building: ├ ƒ /lists
Building: ├ ƒ /lists/[id]
Building: ├ ○ /login
Building: ├ ƒ /manager
Building: ├ ƒ /manager/calls
Building: ├ ƒ /numbers
Building: ├ ƒ /r/[token]
Building: ├ ƒ /settings
Building: ├ ƒ /settings/demo-simulator
Building: ├ ƒ /settings/email
Building: ├ ƒ /settings/sms
Building: ├ ƒ /settings/whatsapp
Building: ├ ƒ /tasks
Building: ├ ƒ /templates
Building: └ ƒ /u/[token]
Building: ○  (Static)   prerendered as static content
Building: ƒ  (Dynamic)  server-rendered on demand
Building: Build Completed in /vercel/output [38s]
Building: Deploying outputs...
Building: Deployment completed
Building: Creating build cache...
[2K[1A[2K[GProduction: https://ultracrm-kls5o6b2u-edencohen533-9754s-projects.vercel.app [1m]
Completing...
Aliased: https://ultracrm-edencohen533-9754s-projects.vercel.app [1m]

Common next commands:
- `vercel inspect ultracrm-kls5o6b2u-edencohen533-9754s-projects.vercel.app --logs`
- `vercel redeploy ultracrm-kls5o6b2u-edencohen533-9754s-projects.vercel.app`
